[192.185.228.226/projects/ma/v1-4-1/jQuery/index.html]
[backblue.gif]
[fade.gif]
[index.html]
[192.185.228.226/projects/ma/v1-4-1/jQuery/vendors/bower_components/fullcalendar/dist/fullcalendar.min.css]
[192.185.228.226/projects/ma/v1-4-1/jQuery/vendors/bower_components/animate.css/animate.min.css]
[192.185.228.226/projects/ma/v1-4-1/jQuery/vendors/bower_components/sweetalert/dist/sweetalert-override.min.css]
[192.185.228.226/projects/ma/v1-4-1/jQuery/vendors/bower_components/material-design-iconic-font/css/material-design-iconic-font.min.css]
[192.185.228.226/projects/ma/v1-4-1/jQuery/vendors/socicon/socicon.min.css]
[192.185.228.226/projects/ma/v1-4-1/jQuery/img/profile-pics/1.jpg]
[192.185.228.226/projects/ma/v1-4-1/jQuery/img/profile-pics/2.jpg]
[192.185.228.226/projects/ma/v1-4-1/jQuery/css/app.min.2.css]
[192.185.228.226/projects/ma/v1-4-1/jQuery/css/app.min.1.css]
[192.185.228.226/projects/ma/v1-4-1/jQuery/img/profile-pics/3.jpg]
[192.185.228.226/projects/ma/v1-4-1/jQuery/img/profile-pics/4.jpg]
[192.185.228.226/projects/ma/v1-4-1/jQuery/profile-about.html]
[192.185.228.226/projects/ma/v1-4-1/jQuery/typography.html]
[192.185.228.226/projects/ma/v1-4-1/jQuery/widget-templates.html]
[192.185.228.226/projects/ma/v1-4-1/jQuery/widgets.html]
[192.185.228.226/projects/ma/v1-4-1/jQuery/tables.html]
[192.185.228.226/projects/ma/v1-4-1/jQuery/data-tables.html]
[192.185.228.226/projects/ma/v1-4-1/jQuery/form-elements.html]
[192.185.228.226/projects/ma/v1-4-1/jQuery/form-components.html]
[192.185.228.226/projects/ma/v1-4-1/jQuery/form-examples.html]
[192.185.228.226/projects/ma/v1-4-1/jQuery/form-validations.html]
[192.185.228.226/projects/ma/v1-4-1/jQuery/colors.html]
[192.185.228.226/projects/ma/v1-4-1/jQuery/animations.html]
[192.185.228.226/projects/ma/v1-4-1/jQuery/box-shadow.html]
[192.185.228.226/projects/ma/v1-4-1/jQuery/buttons.html]
[192.185.228.226/projects/ma/v1-4-1/jQuery/icons.html]
[192.185.228.226/projects/ma/v1-4-1/jQuery/alerts.html]
[192.185.228.226/projects/ma/v1-4-1/jQuery/notification-dialog.html]
[192.185.228.226/projects/ma/v1-4-1/jQuery/media.html]
[192.185.228.226/projects/ma/v1-4-1/jQuery/components.html]
[192.185.228.226/projects/ma/v1-4-1/jQuery/flot-charts.html]
[192.185.228.226/projects/ma/v1-4-1/jQuery/other-components.html]
[192.185.228.226/projects/ma/v1-4-1/jQuery/other-charts.html]
[192.185.228.226/projects/ma/v1-4-1/jQuery/calendar.html]
[192.185.228.226/projects/ma/v1-4-1/jQuery/generic-classes.html]
[192.185.228.226/projects/ma/v1-4-1/jQuery/list-view.html]
[192.185.228.226/projects/ma/v1-4-1/jQuery/messages.html]
[192.185.228.226/projects/ma/v1-4-1/jQuery/login.html]
[192.185.228.226/projects/ma/v1-4-1/jQuery/404.html]
[192.185.228.226/projects/ma/v1-4-1/jQuery/img/profile-pics/5.jpg]
[192.185.228.226/projects/ma/v1-4-1/jQuery/img/profile-pics/6.jpg]
[192.185.228.226/projects/ma/v1-4-1/jQuery/img/profile-pics/7.jpg]
[192.185.228.226/projects/ma/v1-4-1/jQuery/img/widgets/alpha.jpg]
[192.185.228.226/projects/ma/v1-4-1/jQuery/img/widgets/note4.jpg]
[192.185.228.226/projects/ma/v1-4-1/jQuery/img/widgets/mate7.jpg]
[192.185.228.226/projects/ma/v1-4-1/jQuery/img/widgets/535.jpg]
[192.185.228.226/projects/ma/v1-4-1/jQuery/vendors/bower_components/jquery/dist/jquery.min.js]
[192.185.228.226/projects/ma/v1-4-1/jQuery/vendors/bower_components/bootstrap/dist/js/bootstrap.min.js]
[192.185.228.226/projects/ma/v1-4-1/jQuery/vendors/bower_components/flot/jquery.flot.js]
[192.185.228.226/projects/ma/v1-4-1/jQuery/vendors/bower_components/flot/jquery.flot.resize.js]
[192.185.228.226/projects/ma/v1-4-1/jQuery/vendors/bower_components/flot.curvedlines/curvedLines.js]
[192.185.228.226/projects/ma/v1-4-1/jQuery/vendors/sparklines/jquery.sparkline.min.js]
[192.185.228.226/projects/ma/v1-4-1/jQuery/vendors/bower_components/jquery.easy-pie-chart/dist/jquery.easypiechart.min.js]
[192.185.228.226/projects/ma/v1-4-1/jQuery/vendors/bower_components/moment/min/moment.min.js]
[192.185.228.226/projects/ma/v1-4-1/jQuery/vendors/bower_components/fullcalendar/dist/fullcalendar.min.js]
[192.185.228.226/projects/ma/v1-4-1/jQuery/vendors/bower_components/simpleWeather/jquery.simpleWeather.min.js]
[192.185.228.226/projects/ma/v1-4-1/jQuery/vendors/bower_components/jquery.nicescroll/jquery.nicescroll.min.js]
[192.185.228.226/projects/ma/v1-4-1/jQuery/vendors/bower_components/Waves/dist/waves.min.js]
[192.185.228.226/projects/ma/v1-4-1/jQuery/vendors/bootstrap-growl/bootstrap-growl.min.js]
[192.185.228.226/projects/ma/v1-4-1/jQuery/vendors/bower_components/sweetalert/dist/sweetalert.min.js]
[192.185.228.226/projects/ma/v1-4-1/jQuery/js/flot-charts/curved-line-chart.js]
[192.185.228.226/projects/ma/v1-4-1/jQuery/js/flot-charts/line-chart.js]
[192.185.228.226/projects/ma/v1-4-1/jQuery/js/charts.js]
[192.185.228.226/projects/ma/v1-4-1/jQuery/js/functions.js]
[192.185.228.226/projects/ma/v1-4-1/jQuery/js/demo.js]
[192.185.228.226/projects/ma/v1-4-1/jQuery/index.html]
[192.185.228.226/projects/ma/v1-4-1/jQuery/vendors/bower_components/fullcalendar/dist/fullcalendar.min.css]
[192.185.228.226/projects/ma/v1-4-1/jQuery/vendors/bower_components/animate.css/animate.min.css]
[192.185.228.226/projects/ma/v1-4-1/jQuery/vendors/bower_components/sweetalert/dist/sweetalert-override.min.css]
[192.185.228.226/projects/ma/v1-4-1/jQuery/vendors/bower_components/material-design-iconic-font/fonts/Material-Design-Iconic-Fontf700.eot]
[192.185.228.226/projects/ma/v1-4-1/jQuery/vendors/bower_components/material-design-iconic-font/fonts/Material-Design-Iconic-Fontd41d.eot]
[192.185.228.226/projects/ma/v1-4-1/jQuery/vendors/bower_components/material-design-iconic-font/fonts/Material-Design-Iconic-Fontf700.woff]
[192.185.228.226/projects/ma/v1-4-1/jQuery/vendors/bower_components/material-design-iconic-font/fonts/Material-Design-Iconic-Fontf700.ttf]
[192.185.228.226/projects/ma/v1-4-1/jQuery/vendors/bower_components/material-design-iconic-font/css/material-design-iconic-font.min.css]
[192.185.228.226/projects/ma/v1-4-1/jQuery/vendors/socicon/fonts/socicon-webfont.eot]
[192.185.228.226/projects/ma/v1-4-1/jQuery/vendors/socicon/fonts/socicon-webfont.woff]
[192.185.228.226/projects/ma/v1-4-1/jQuery/vendors/socicon/fonts/socicon-webfontd41d.eot]
[192.185.228.226/projects/ma/v1-4-1/jQuery/vendors/socicon/fonts/socicon-webfont.ttf]
[192.185.228.226/projects/ma/v1-4-1/jQuery/vendors/socicon/socicon.min.css]
[192.185.228.226/projects/ma/v1-4-1/jQuery/fonts/glyphicons-halflings-regular.eot]
[192.185.228.226/projects/ma/v1-4-1/jQuery/fonts/glyphicons-halflings-regulard41d.eot]
[192.185.228.226/projects/ma/v1-4-1/jQuery/fonts/glyphicons-halflings-regular.woff]
[192.185.228.226/projects/ma/v1-4-1/jQuery/fonts/glyphicons-halflings-regular.woff2]
[192.185.228.226/projects/ma/v1-4-1/jQuery/fonts/glyphicons-halflings-regular.ttf]
[192.185.228.226/projects/ma/v1-4-1/jQuery/fonts/roboto/Roboto-Light-webfont.eot]
[192.185.228.226/projects/ma/v1-4-1/jQuery/fonts/roboto/Roboto-Light-webfont.woff]
[192.185.228.226/projects/ma/v1-4-1/jQuery/fonts/roboto/Roboto-Light-webfontd41d.eot]
[192.185.228.226/projects/ma/v1-4-1/jQuery/fonts/roboto/Roboto-Light-webfont.ttf]
[192.185.228.226/projects/ma/v1-4-1/jQuery/fonts/roboto/Roboto-Regular-webfont.eot]
[192.185.228.226/projects/ma/v1-4-1/jQuery/fonts/roboto/Roboto-Regular-webfont.woff]
[192.185.228.226/projects/ma/v1-4-1/jQuery/fonts/roboto/Roboto-Regular-webfontd41d.eot]
[192.185.228.226/projects/ma/v1-4-1/jQuery/fonts/roboto/Roboto-Regular-webfont.ttf]
[192.185.228.226/projects/ma/v1-4-1/jQuery/fonts/roboto/Roboto-Medium-webfont.eot]
[192.185.228.226/projects/ma/v1-4-1/jQuery/fonts/roboto/Roboto-Medium-webfont.woff]
[192.185.228.226/projects/ma/v1-4-1/jQuery/fonts/roboto/Roboto-Medium-webfontd41d.eot]
[192.185.228.226/projects/ma/v1-4-1/jQuery/fonts/roboto/Roboto-Medium-webfont.ttf]
[192.185.228.226/projects/ma/v1-4-1/jQuery/fonts/roboto/Roboto-Bold-webfont.eot]
[192.185.228.226/projects/ma/v1-4-1/jQuery/fonts/roboto/Roboto-Bold-webfont.woff]
[192.185.228.226/projects/ma/v1-4-1/jQuery/fonts/roboto/Roboto-Bold-webfontd41d.eot]
[192.185.228.226/projects/ma/v1-4-1/jQuery/fonts/roboto/Roboto-Bold-webfont.ttf]
[192.185.228.226/projects/ma/v1-4-1/jQuery/fonts/shadowsintolight/shadowsintolight-webfont.eot]
[192.185.228.226/projects/ma/v1-4-1/jQuery/fonts/shadowsintolight/shadowsintolight-webfontd41d.eot]
[192.185.228.226/projects/ma/v1-4-1/jQuery/fonts/shadowsintolight/shadowsintolight-webfont.woff]
[192.185.228.226/projects/ma/v1-4-1/jQuery/fonts/shadowsintolight/shadowsintolight-webfont.ttf]
[192.185.228.226/projects/ma/v1-4-1/jQuery/fonts/shadowsintolight/shadowsintolight-webfont.svg]
[192.185.228.226/projects/ma/v1-4-1/jQuery/fonts/weather-icons/weather-icons.eot]
[192.185.228.226/projects/ma/v1-4-1/jQuery/fonts/weather-icons/weather-icons.woff]
[192.185.228.226/projects/ma/v1-4-1/jQuery/fonts/weather-icons/weather-iconsd41d.eot]
[192.185.228.226/projects/ma/v1-4-1/jQuery/fonts/weather-icons/weather-icons.ttf]
[192.185.228.226/projects/ma/v1-4-1/jQuery/img/icons/menu-2.png]
[192.185.228.226/projects/ma/v1-4-1/jQuery/img/icons/menu-2@2x.png]
[192.185.228.226/projects/ma/v1-4-1/jQuery/img/icons/ellipsis.png]
[192.185.228.226/projects/ma/v1-4-1/jQuery/img/icons/ellipsis@2x.png]
[192.185.228.226/projects/ma/v1-4-1/jQuery/img/icons/notification.png]
[192.185.228.226/projects/ma/v1-4-1/jQuery/img/icons/notification@2x.png]
[192.185.228.226/projects/ma/v1-4-1/jQuery/img/icons/message.png]
[192.185.228.226/projects/ma/v1-4-1/jQuery/img/icons/message@2x.png]
[192.185.228.226/projects/ma/v1-4-1/jQuery/img/icons/search.png]
[192.185.228.226/projects/ma/v1-4-1/jQuery/img/icons/search@2x.png]
[192.185.228.226/projects/ma/v1-4-1/jQuery/img/icons/task.png]
[192.185.228.226/projects/ma/v1-4-1/jQuery/img/icons/task@2x.png]
[192.185.228.226/projects/ma/v1-4-1/jQuery/img/notifications.png]
[192.185.228.226/projects/ma/v1-4-1/jQuery/img/profile-menu.png]
[192.185.228.226/projects/ma/v1-4-1/jQuery/img/icons/search-2.png]
[192.185.228.226/projects/ma/v1-4-1/jQuery/img/icons/search-2@2x.png]
[192.185.228.226/projects/ma/v1-4-1/jQuery/img/icons/weather/0.png]
[192.185.228.226/projects/ma/v1-4-1/jQuery/img/icons/weather/0@2x.png]
[192.185.228.226/projects/ma/v1-4-1/jQuery/img/icons/weather/1.png]
[192.185.228.226/projects/ma/v1-4-1/jQuery/img/icons/weather/1@2x.png]
[192.185.228.226/projects/ma/v1-4-1/jQuery/img/icons/weather/2.png]
[192.185.228.226/projects/ma/v1-4-1/jQuery/img/icons/weather/2@2x.png]
[192.185.228.226/projects/ma/v1-4-1/jQuery/img/icons/weather/3.png]
[192.185.228.226/projects/ma/v1-4-1/jQuery/img/icons/weather/3@2x.png]
[192.185.228.226/projects/ma/v1-4-1/jQuery/img/icons/weather/5.png]
[192.185.228.226/projects/ma/v1-4-1/jQuery/img/icons/weather/5@2x.png]
[192.185.228.226/projects/ma/v1-4-1/jQuery/img/icons/weather/9.png]
[192.185.228.226/projects/ma/v1-4-1/jQuery/img/icons/weather/9@2x.png]
[192.185.228.226/projects/ma/v1-4-1/jQuery/img/icons/weather/18.png]
[192.185.228.226/projects/ma/v1-4-1/jQuery/img/icons/weather/18@2x.png]
[192.185.228.226/projects/ma/v1-4-1/jQuery/img/icons/weather/19.png]
[192.185.228.226/projects/ma/v1-4-1/jQuery/img/icons/weather/19@2x.png]
[192.185.228.226/projects/ma/v1-4-1/jQuery/img/icons/weather/24.png]
[192.185.228.226/projects/ma/v1-4-1/jQuery/img/icons/weather/24@2x.png]
[192.185.228.226/projects/ma/v1-4-1/jQuery/img/icons/weather/26.png]
[192.185.228.226/projects/ma/v1-4-1/jQuery/img/icons/weather/26@2x.png]
[192.185.228.226/projects/ma/v1-4-1/jQuery/img/icons/weather/27.png]
[192.185.228.226/projects/ma/v1-4-1/jQuery/img/icons/weather/27@2x.png]
[192.185.228.226/projects/ma/v1-4-1/jQuery/img/icons/weather/28.png]
[192.185.228.226/projects/ma/v1-4-1/jQuery/img/icons/weather/28@2x.png]
[192.185.228.226/projects/ma/v1-4-1/jQuery/img/icons/weather/31.png]
[192.185.228.226/projects/ma/v1-4-1/jQuery/img/icons/weather/31@2x.png]
[192.185.228.226/projects/ma/v1-4-1/jQuery/img/icons/weather/32.png]
[192.185.228.226/projects/ma/v1-4-1/jQuery/img/icons/weather/32@2x.png]
[192.185.228.226/projects/ma/v1-4-1/jQuery/img/headers/sm/4.png]
[192.185.228.226/projects/ma/v1-4-1/jQuery/img/select.png]
[192.185.228.226/projects/ma/v1-4-1/jQuery/img/select@2x.png]
[192.185.228.226/projects/ma/v1-4-1/jQuery/img/icons/play.png]
[192.185.228.226/projects/ma/v1-4-1/jQuery/img/icons/play@2x.png]
[192.185.228.226/projects/ma/v1-4-1/jQuery/img/icons/pause.png]
[192.185.228.226/projects/ma/v1-4-1/jQuery/img/icons/pause@2x.png]
[192.185.228.226/projects/ma/v1-4-1/jQuery/img/icons/speaker.png]
[192.185.228.226/projects/ma/v1-4-1/jQuery/img/icons/speaker@2x.png]
[192.185.228.226/projects/ma/v1-4-1/jQuery/img/icons/speaker-2.png]
[192.185.228.226/projects/ma/v1-4-1/jQuery/img/icons/speaker-2@2x.png]
[192.185.228.226/projects/ma/v1-4-1/jQuery/img/icons/fullscreen.png]
[192.185.228.226/projects/ma/v1-4-1/jQuery/img/icons/fullscreen@2x.png]
[192.185.228.226/projects/ma/v1-4-1/jQuery/css/app.min.1.css]
[192.185.228.226/projects/ma/v1-4-1/jQuery/css/app.min.2.css]
[192.185.228.226/projects/ma/v1-4-1/jQuery/vendors/bower_components/eonasdan-bootstrap-datetimepicker/build/css/bootstrap-datetimepicker.min.css]
[192.185.228.226/projects/ma/v1-4-1/jQuery/img/profile-pics/profile-pic-2.jpg]
[192.185.228.226/projects/ma/v1-4-1/jQuery/img/profile-pics/8.jpg]
[192.185.228.226/projects/ma/v1-4-1/jQuery/profile-timeline.html]
[192.185.228.226/projects/ma/v1-4-1/jQuery/profile-photos.html]
[192.185.228.226/projects/ma/v1-4-1/jQuery/vendors/bower_components/eonasdan-bootstrap-datetimepicker/build/js/bootstrap-datetimepicker.min.js]
[192.185.228.226/projects/ma/v1-4-1/jQuery/profile-about.html]
[192.185.228.226/projects/ma/v1-4-1/jQuery/profile-connections.html]
[192.185.228.226/projects/ma/v1-4-1/jQuery/typography.html]
[192.185.228.226/projects/ma/v1-4-1/jQuery/widget-templates.html]
[192.185.228.226/projects/ma/v1-4-1/jQuery/vendors/bower_components/mediaelement/build/mediaelementplayer.css]
[192.185.228.226/projects/ma/v1-4-1/jQuery/img/headers/square/1.png]
[192.185.228.226/projects/ma/v1-4-1/jQuery/img/headers/square/2.png]
[192.185.228.226/projects/ma/v1-4-1/jQuery/img/headers/square/3.png]
[192.185.228.226/projects/ma/v1-4-1/jQuery/img/headers/square/4.png]
[192.185.228.226/projects/ma/v1-4-1/jQuery/img/headers/square/5.png]
[192.185.228.226/projects/ma/v1-4-1/jQuery/img/headers/square/6.png]
[192.185.228.226/projects/ma/v1-4-1/jQuery/img/headers/square/7.png]
[192.185.228.226/projects/ma/v1-4-1/jQuery/img/headers/square/8.png]
[192.185.228.226/projects/ma/v1-4-1/jQuery/img/headers/square/9.png]
[192.185.228.226/projects/ma/v1-4-1/jQuery/img/widgets/preview.jpg]
[192.185.228.226/projects/ma/v1-4-1/jQuery/media/big_buck_bunny.mp4]
[192.185.228.226/projects/ma/v1-4-1/jQuery/img/headers/sm/6.png]
[192.185.228.226/projects/ma/v1-4-1/jQuery/img/headers/sm/2.png]
[192.185.228.226/projects/ma/v1-4-1/jQuery/img/social/facebook-128.png]
[192.185.228.226/projects/ma/v1-4-1/jQuery/img/social/twitter-128.png]
[192.185.228.226/projects/ma/v1-4-1/jQuery/img/social/googleplus-128.png]
[192.185.228.226/projects/ma/v1-4-1/jQuery/img/social/linkedin-128.png]
[192.185.228.226/projects/ma/v1-4-1/jQuery/img/social/youtube-128.png]
[192.185.228.226/projects/ma/v1-4-1/jQuery/img/social/blogger-128.png]
[192.185.228.226/projects/ma/v1-4-1/jQuery/img/profile-pics/profile-pic.jpg]
[192.185.228.226/projects/ma/v1-4-1/jQuery/vendors/bower_components/autosize/dist/autosize.min.js]
[192.185.228.226/projects/ma/v1-4-1/jQuery/vendors/bower_components/mediaelement/build/mediaelement-and-player.js]
[192.185.228.226/projects/ma/v1-4-1/jQuery/widgets.html]
[192.185.228.226/projects/ma/v1-4-1/jQuery/tables.html]
[192.185.228.226/projects/ma/v1-4-1/jQuery/vendors/bootgrid/jquery.bootgrid.min.css]
[192.185.228.226/projects/ma/v1-4-1/jQuery/vendors/bootgrid/jquery.bootgrid.min.js]
[192.185.228.226/projects/ma/v1-4-1/jQuery/data-tables.html]
[192.185.228.226/projects/ma/v1-4-1/jQuery/form-elements.html]
[192.185.228.226/projects/ma/v1-4-1/jQuery/vendors/bower_components/bootstrap-select/dist/css/bootstrap-select.css]
[192.185.228.226/projects/ma/v1-4-1/jQuery/vendors/bower_components/nouislider/distribute/jquery.nouislider.min.css]
[192.185.228.226/projects/ma/v1-4-1/jQuery/vendors/bower_components/summernote/dist/summernote.css]
[192.185.228.226/projects/ma/v1-4-1/jQuery/vendors/farbtastic/farbtastic.css]
[192.185.228.226/projects/ma/v1-4-1/jQuery/vendors/chosen_v1.4.2/chosen.min.css]
[192.185.228.226/projects/ma/v1-4-1/jQuery/vendors/bower_components/bootstrap-select/dist/js/bootstrap-select.js]
[192.185.228.226/projects/ma/v1-4-1/jQuery/vendors/bower_components/nouislider/distribute/jquery.nouislider.all.min.js]
[192.185.228.226/projects/ma/v1-4-1/jQuery/vendors/bower_components/summernote/dist/summernote.min.js]
[192.185.228.226/projects/ma/v1-4-1/jQuery/vendors/chosen_v1.4.2/chosen.jquery.min.js]
[192.185.228.226/projects/ma/v1-4-1/jQuery/vendors/fileinput/fileinput.min.js]
[192.185.228.226/projects/ma/v1-4-1/jQuery/vendors/input-mask/input-mask.min.js]
[192.185.228.226/projects/ma/v1-4-1/jQuery/vendors/farbtastic/farbtastic.min.js]
[192.185.228.226/projects/ma/v1-4-1/jQuery/form-components.html]
[192.185.228.226/projects/ma/v1-4-1/jQuery/form-examples.html]
[192.185.228.226/projects/ma/v1-4-1/jQuery/form-validations.html]
[192.185.228.226/projects/ma/v1-4-1/jQuery/colors.html]
[192.185.228.226/projects/ma/v1-4-1/jQuery/img/headers/sm/1.png]
[192.185.228.226/projects/ma/v1-4-1/jQuery/img/headers/sm/7.png]
[192.185.228.226/projects/ma/v1-4-1/jQuery/img/headers/sm/3.png]
[192.185.228.226/projects/ma/v1-4-1/jQuery/img/headers/sm/8.png]
[192.185.228.226/projects/ma/v1-4-1/jQuery/img/headers/sm/9.png]
[192.185.228.226/projects/ma/v1-4-1/jQuery/img/headers/sm/5.png]
[192.185.228.226/projects/ma/v1-4-1/jQuery/animations.html]
[192.185.228.226/projects/ma/v1-4-1/jQuery/box-shadow.html]
[192.185.228.226/projects/ma/v1-4-1/jQuery/buttons.html]
[192.185.228.226/projects/ma/v1-4-1/jQuery/icons.html]
[192.185.228.226/projects/ma/v1-4-1/jQuery/alerts.html]
[192.185.228.226/projects/ma/v1-4-1/jQuery/notification-dialog.html]
[192.185.228.226/projects/ma/v1-4-1/jQuery/vendors/bower_components/lightgallery/light-gallery/css/lightGallery.css]
[192.185.228.226/projects/ma/v1-4-1/jQuery/img/300x200.gif]
[192.185.228.226/projects/ma/v1-4-1/jQuery/media/gallery/thumbs/1.jpg]
[192.185.228.226/projects/ma/v1-4-1/jQuery/media/gallery/thumbs/2.jpg]
[192.185.228.226/projects/ma/v1-4-1/jQuery/media/gallery/thumbs/3.jpg]
[192.185.228.226/projects/ma/v1-4-1/jQuery/media/gallery/thumbs/4.jpg]
[192.185.228.226/projects/ma/v1-4-1/jQuery/media/gallery/thumbs/5.jpg]
[192.185.228.226/projects/ma/v1-4-1/jQuery/media/gallery/thumbs/6.jpg]
[192.185.228.226/projects/ma/v1-4-1/jQuery/media/big_buck_bunny.jpg]
[192.185.228.226/projects/ma/v1-4-1/jQuery/media/big_buck_bunny.webm]
[192.185.228.226/projects/ma/v1-4-1/jQuery/media/big_buck_bunny.ogv]
[192.185.228.226/projects/ma/v1-4-1/jQuery/media/flashmediaelement.swf]
[192.185.228.226/projects/ma/v1-4-1/jQuery/media/carousel/c-1.jpg]
[192.185.228.226/projects/ma/v1-4-1/jQuery/media/carousel/c-2.jpg]
[192.185.228.226/projects/ma/v1-4-1/jQuery/media/carousel/c-3.jpg]
[192.185.228.226/projects/ma/v1-4-1/jQuery/vendors/bower_components/lightgallery/light-gallery/js/lightGallery.min.js]
[192.185.228.226/projects/ma/v1-4-1/jQuery/vendors/bower_components/mediaelement/build/mediaelement-and-player.min.js]
[192.185.228.226/projects/ma/v1-4-1/jQuery/media.html]
[192.185.228.226/projects/ma/v1-4-1/jQuery/vendors/bootstrap-wizard/jquery.bootstrap.wizard.min.js]
[192.185.228.226/projects/ma/v1-4-1/jQuery/components.html]
[192.185.228.226/projects/ma/v1-4-1/jQuery/breadcrumb-demo.html]
[192.185.228.226/projects/ma/v1-4-1/jQuery/other-components.html]
[192.185.228.226/projects/ma/v1-4-1/jQuery/vendors/bower_components/flot/jquery.flot.pie.js]
[192.185.228.226/projects/ma/v1-4-1/jQuery/vendors/bower_components/flot.tooltip/js/jquery.flot.tooltip.min.js]
[192.185.228.226/projects/ma/v1-4-1/jQuery/vendors/bower_components/flot-orderBars/js/jquery.flot.orderBars.js]
[192.185.228.226/projects/ma/v1-4-1/jQuery/js/flot-charts/bar-chart.js]
[192.185.228.226/projects/ma/v1-4-1/jQuery/js/flot-charts/dynamic-chart.js]
[192.185.228.226/projects/ma/v1-4-1/jQuery/js/flot-charts/pie-chart.js]
[192.185.228.226/projects/ma/v1-4-1/jQuery/flot-charts.html]
[192.185.228.226/projects/ma/v1-4-1/jQuery/other-charts.html]
[192.185.228.226/projects/ma/v1-4-1/jQuery/calendar.html]
[192.185.228.226/projects/ma/v1-4-1/jQuery/generic-classes.html]
[192.185.228.226/projects/ma/v1-4-1/jQuery/list-view.html]
[192.185.228.226/projects/ma/v1-4-1/jQuery/messages.html]
[192.185.228.226/projects/ma/v1-4-1/jQuery/login.html]
[192.185.228.226/projects/ma/v1-4-1/jQuery/404.html]
[192.185.228.226/projects/ma/v1-4-1/jQuery/vendors/bower_components/material-design-iconic-font/fonts/Material-Design-Iconic-Fontf700.svg]
[192.185.228.226/projects/ma/v1-4-1/jQuery/vendors/socicon/fonts/socicon-webfont.svg]
[192.185.228.226/projects/ma/v1-4-1/jQuery/fonts/glyphicons-halflings-regular.svg]
[192.185.228.226/projects/ma/v1-4-1/jQuery/fonts/roboto/Roboto-Light-webfont.svg]
[192.185.228.226/projects/ma/v1-4-1/jQuery/fonts/roboto/Roboto-Regular-webfont.svg]
[192.185.228.226/projects/ma/v1-4-1/jQuery/fonts/roboto/Roboto-Medium-webfont.svg]
[192.185.228.226/projects/ma/v1-4-1/jQuery/fonts/roboto/Roboto-Bold-webfont.svg]
[192.185.228.226/projects/ma/v1-4-1/jQuery/fonts/shadowsintolight/shadowsintolight-webfont.html]
[192.185.228.226/projects/ma/v1-4-1/jQuery/fonts/shadowsintolight/shadowsintolight-webfontd41d.html]
[192.185.228.226/projects/ma/v1-4-1/jQuery/fonts/shadowsintolight/shadowsintolight-webfont-2.html]
[192.185.228.226/projects/ma/v1-4-1/jQuery/fonts/shadowsintolight/shadowsintolight-webfont-3.html]
[192.185.228.226/projects/ma/v1-4-1/jQuery/fonts/shadowsintolight/shadowsintolight-webfont-4.html]
[192.185.228.226/projects/ma/v1-4-1/jQuery/fonts/weather-icons/weather-icons.svg]
[192.185.228.226/projects/ma/v1-4-1/jQuery/vendors/bower_components/eonasdan-bootstrap-datetimepicker/build/css/bootstrap-datetimepicker.min.css]
[192.185.228.226/projects/ma/v1-4-1/jQuery/profile-timeline.html]
[192.185.228.226/projects/ma/v1-4-1/jQuery/media/gallery/thumbs/7.jpg]
[192.185.228.226/projects/ma/v1-4-1/jQuery/media/gallery/thumbs/8.jpg]
[192.185.228.226/projects/ma/v1-4-1/jQuery/media/gallery/thumbs/9.jpg]
[192.185.228.226/projects/ma/v1-4-1/jQuery/media/gallery/thumbs/10.jpg]
[192.185.228.226/projects/ma/v1-4-1/jQuery/media/gallery/thumbs/11.jpg]
[192.185.228.226/projects/ma/v1-4-1/jQuery/media/gallery/thumbs/12.jpg]
[192.185.228.226/projects/ma/v1-4-1/jQuery/media/gallery/thumbs/13.jpg]
[192.185.228.226/projects/ma/v1-4-1/jQuery/media/gallery/thumbs/14.jpg]
[192.185.228.226/projects/ma/v1-4-1/jQuery/media/gallery/thumbs/15.jpg]
[192.185.228.226/projects/ma/v1-4-1/jQuery/media/gallery/thumbs/16.jpg]
[192.185.228.226/projects/ma/v1-4-1/jQuery/media/gallery/thumbs/18.jpg]
[192.185.228.226/projects/ma/v1-4-1/jQuery/media/gallery/thumbs/19.jpg]
[192.185.228.226/projects/ma/v1-4-1/jQuery/media/gallery/thumbs/20.jpg]
[192.185.228.226/projects/ma/v1-4-1/jQuery/media/gallery/thumbs/21.jpg]
[192.185.228.226/projects/ma/v1-4-1/jQuery/media/gallery/thumbs/22.jpg]
[192.185.228.226/projects/ma/v1-4-1/jQuery/media/gallery/thumbs/23.jpg]
[192.185.228.226/projects/ma/v1-4-1/jQuery/media/gallery/thumbs/24.jpg]
[192.185.228.226/projects/ma/v1-4-1/jQuery/profile-photos.html]
[192.185.228.226/projects/ma/v1-4-1/jQuery/img/contacts/1.jpg]
[192.185.228.226/projects/ma/v1-4-1/jQuery/img/contacts/2.jpg]
[192.185.228.226/projects/ma/v1-4-1/jQuery/img/contacts/3.jpg]
[192.185.228.226/projects/ma/v1-4-1/jQuery/img/contacts/4.jpg]
[192.185.228.226/projects/ma/v1-4-1/jQuery/img/contacts/5.jpg]
[192.185.228.226/projects/ma/v1-4-1/jQuery/img/contacts/6.jpg]
[192.185.228.226/projects/ma/v1-4-1/jQuery/img/contacts/7.jpg]
[192.185.228.226/projects/ma/v1-4-1/jQuery/img/contacts/8.jpg]
[192.185.228.226/projects/ma/v1-4-1/jQuery/img/contacts/9.jpg]
[192.185.228.226/projects/ma/v1-4-1/jQuery/img/contacts/10.jpg]
[192.185.228.226/projects/ma/v1-4-1/jQuery/img/contacts/11.jpg]
[192.185.228.226/projects/ma/v1-4-1/jQuery/img/contacts/12.jpg]
[192.185.228.226/projects/ma/v1-4-1/jQuery/img/contacts/13.jpg]
[192.185.228.226/projects/ma/v1-4-1/jQuery/img/contacts/14.jpg]
[192.185.228.226/projects/ma/v1-4-1/jQuery/img/contacts/15.jpg]
[192.185.228.226/projects/ma/v1-4-1/jQuery/img/contacts/16.jpg]
[192.185.228.226/projects/ma/v1-4-1/jQuery/profile-connections.html]
[192.185.228.226/projects/ma/v1-4-1/jQuery/vendors/bower_components/mediaelement/build/bigplay.png]
[192.185.228.226/projects/ma/v1-4-1/jQuery/vendors/bower_components/mediaelement/build/background.png]
[192.185.228.226/projects/ma/v1-4-1/jQuery/vendors/bower_components/mediaelement/build/loading.gif]
[192.185.228.226/projects/ma/v1-4-1/jQuery/vendors/bower_components/mediaelement/build/controls.png]
[192.185.228.226/projects/ma/v1-4-1/jQuery/vendors/bower_components/mediaelement/build/skipback.png]
[192.185.228.226/projects/ma/v1-4-1/jQuery/vendors/bower_components/mediaelement/build/mediaelementplayer.css]
[192.185.228.226/projects/ma/v1-4-1/jQuery/vendors/bootgrid/jquery.bootgrid.min.css]
[192.185.228.226/projects/ma/v1-4-1/jQuery/vendors/bower_components/bootstrap-select/dist/css/bootstrap-select.css]
[192.185.228.226/projects/ma/v1-4-1/jQuery/vendors/bower_components/nouislider/distribute/jquery.nouislider.min.css]
[192.185.228.226/projects/ma/v1-4-1/jQuery/vendors/bower_components/summernote/dist/summernote.css]
[192.185.228.226/projects/ma/v1-4-1/jQuery/vendors/farbtastic/wheel.png]
[192.185.228.226/projects/ma/v1-4-1/jQuery/vendors/farbtastic/mask.png]
[192.185.228.226/projects/ma/v1-4-1/jQuery/vendors/farbtastic/marker.png]
[192.185.228.226/projects/ma/v1-4-1/jQuery/vendors/farbtastic/farbtastic.css]
[192.185.228.226/projects/ma/v1-4-1/jQuery/vendors/chosen_v1.4.2/chosen-sprite.png]
[192.185.228.226/projects/ma/v1-4-1/jQuery/vendors/chosen_v1.4.2/chosen-sprite@2x.png]
[192.185.228.226/projects/ma/v1-4-1/jQuery/vendors/chosen_v1.4.2/chosen.min.css]
[192.185.228.226/projects/ma/v1-4-1/jQuery/vendors/bower_components/lightgallery/light-gallery/fonts/Slide-icons.eot]
[192.185.228.226/projects/ma/v1-4-1/jQuery/vendors/bower_components/lightgallery/light-gallery/img/loading.gif]
[192.185.228.226/projects/ma/v1-4-1/jQuery/vendors/bower_components/lightgallery/light-gallery/css/lightGallery.css]
[192.185.228.226/projects/ma/v1-4-1/jQuery/media/big_buck_bunny.html]
[192.185.228.226/projects/ma/v1-4-1/jQuery/media/big_buck_bunny-2.html]
[192.185.228.226/projects/ma/v1-4-1/jQuery/breadcrumb-demo.html]
[192.185.228.226/projects/ma/v1-4-1/jQuery/vendors/bower_components/mediaelement/build/bigplay.svg]
[192.185.228.226/projects/ma/v1-4-1/jQuery/vendors/bower_components/mediaelement/build/controls.svg]
